openbemustfilefilemustbeopen